------------------------------------------------------------
Timing Analyzer Summary
------------------------------------------------------------

Type  : Slow 1100mV 85C Model Setup 'clk'
Slack : -4.136
TNS   : -770.395

Type  : Slow 1100mV 85C Model Hold 'clk'
Slack : 0.486
TNS   : 0.000

Type  : Slow 1100mV 85C Model Minimum Pulse Width 'clk'
Slack : -0.724
TNS   : -296.518

Type  : Slow 1100mV 0C Model Setup 'clk'
Slack : -4.228
TNS   : -745.953

Type  : Slow 1100mV 0C Model Hold 'clk'
Slack : 0.476
TNS   : 0.000

Type  : Slow 1100mV 0C Model Minimum Pulse Width 'clk'
Slack : -0.724
TNS   : -297.706

Type  : Fast 1100mV 85C Model Setup 'clk'
Slack : -1.372
TNS   : -174.682

Type  : Fast 1100mV 85C Model Hold 'clk'
Slack : 0.184
TNS   : 0.000

Type  : Fast 1100mV 85C Model Minimum Pulse Width 'clk'
Slack : -0.085
TNS   : -21.676

Type  : Fast 1100mV 0C Model Setup 'clk'
Slack : -1.143
TNS   : -134.657

Type  : Fast 1100mV 0C Model Hold 'clk'
Slack : 0.176
TNS   : 0.000

Type  : Fast 1100mV 0C Model Minimum Pulse Width 'clk'
Slack : -0.084
TNS   : -21.510

------------------------------------------------------------
